// Jest Snapshot v1, https://goo.gl/fbAQLP

exports[`Python Package synthesizes 1`] = `
{
  ".gitattributes": "# ~~ Generated by projen. To modify, edit .projenrc.ts and run "npx projen".

/.gitattributes linguist-generated
/.gitignore linguist-generated
/.projen/** linguist-generated
/.projen/deps.json linguist-generated
/.projen/files.json linguist-generated
/.projen/tasks.json linguist-generated
/requirements-dev.txt linguist-generated
/requirements.txt linguist-generated
/tsconfig.projen.json linguist-generated",
  ".gitignore": "# ~~ Generated by projen. To modify, edit .projenrc.ts and run "npx projen".
node_modules/
!/.gitattributes
!/.projen/tasks.json
!/.projen/deps.json
!/.projen/files.json
!/tsconfig.projen.json
/.env
!/requirements.txt
!/requirements-dev.txt
__pycache__/
*.py[cod]
*$py.class
*.so
.Python
build/
develop-eggs/
dist/
downloads/
eggs/
.eggs/
lib/
lib64/
parts/
sdist/
var/
wheels/
share/python-wheels/
*.egg-info/
.installed.cfg
*.egg
MANIFEST
*.manifest
*.spec
pip-log.txt
pip-delete-this-directory.txt
htmlcov/
.tox/
.nox/
.coverage
.coverage.*
.cache
nosetests.xml
coverage.xml
*.cover
*.py,cover
.hypothesis/
.pytest_cache/
cover/
*.mo
*.pot
*.log
local_settings.py
db.sqlite3
db.sqlite3-journal
instance/
.webassets-cache
.scrapy
docs/_build/
.pybuilder/
target/
.ipynb_checkpoints
profile_default/
ipython_config.py
__pypackages__/
celerybeat-schedule
celerybeat.pid
*.sage.py
.env
.venv
env/
venv/
ENV/
env.bak/
venv.bak/
.spyderproject
.spyproject
.ropeproject
/site
.mypy_cache/
.dmypy.json
dmypy.json
.pyre/
.pytype/
cython_debug/
!/.projenrc.ts
",
  ".projen/deps.json": {
    "//": "~~ Generated by projen. To modify, edit .projenrc.ts and run "npx projen".",
    "dependencies": [
      {
        "name": "pytest",
        "type": "test",
        "version": "7.4.3",
      },
    ],
  },
  ".projen/files.json": {
    "//": "~~ Generated by projen. To modify, edit .projenrc.ts and run "npx projen".",
    "files": [
      ".gitattributes",
      ".gitignore",
      ".projen/deps.json",
      ".projen/files.json",
      ".projen/tasks.json",
      "requirements-dev.txt",
      "requirements.txt",
      "tsconfig.projen.json",
    ],
  },
  ".projen/tasks.json": {
    "//": "~~ Generated by projen. To modify, edit .projenrc.ts and run "npx projen".",
    "env": {
      "PATH": "$(echo $PWD/.env/bin:$PATH)",
      "VIRTUAL_ENV": "$(echo $PWD/.env)",
    },
    "tasks": {
      "build": {
        "description": "Full release build",
        "name": "build",
        "steps": [
          {
            "spawn": "default",
          },
          {
            "spawn": "pre-compile",
          },
          {
            "spawn": "compile",
          },
          {
            "spawn": "post-compile",
          },
          {
            "spawn": "test",
          },
          {
            "spawn": "package",
          },
        ],
      },
      "clobber": {
        "condition": "git diff --exit-code > /dev/null",
        "description": "hard resets to HEAD of origin and cleans the local repo",
        "env": {
          "BRANCH": "$(git branch --show-current)",
        },
        "name": "clobber",
        "steps": [
          {
            "exec": "git checkout -b scratch",
            "name": "save current HEAD in "scratch" branch",
          },
          {
            "exec": "git checkout $BRANCH",
          },
          {
            "exec": "git fetch origin",
            "name": "fetch latest changes from origin",
          },
          {
            "exec": "git reset --hard origin/$BRANCH",
            "name": "hard reset to origin commit",
          },
          {
            "exec": "git clean -fdx",
            "name": "clean all untracked files",
          },
          {
            "say": "ready to rock! (unpushed commits are under the "scratch" branch)",
          },
        ],
      },
      "compile": {
        "description": "Only compile",
        "name": "compile",
      },
      "default": {
        "description": "Synthesize project files",
        "name": "default",
        "steps": [
          {
            "exec": "npx -y ts-node --project tsconfig.projen.json .projenrc.ts",
          },
        ],
      },
      "eject": {
        "description": "Remove projen from the project",
        "env": {
          "PROJEN_EJECTING": "true",
        },
        "name": "eject",
        "steps": [
          {
            "spawn": "default",
          },
        ],
      },
      "install": {
        "description": "Install and upgrade dependencies",
        "name": "install",
        "steps": [
          {
            "exec": "pip install --upgrade pip",
          },
          {
            "exec": "pip install -r requirements.txt",
          },
          {
            "exec": "pip install -r requirements-dev.txt",
          },
        ],
      },
      "package": {
        "description": "Creates the distribution package",
        "name": "package",
      },
      "post-compile": {
        "description": "Runs after successful compilation",
        "name": "post-compile",
      },
      "pre-compile": {
        "description": "Prepare the project for compilation",
        "name": "pre-compile",
      },
      "test": {
        "description": "Run tests",
        "name": "test",
        "steps": [
          {
            "exec": "pytest",
          },
        ],
      },
    },
  },
  "README.md": "# test

Example README
    ",
  "requirements-dev.txt": "# ~~ Generated by projen. To modify, edit .projenrc.ts and run "npx projen".
pytest==7.4.3
",
  "requirements.txt": "# ~~ Generated by projen. To modify, edit .projenrc.ts and run "npx projen".
",
  "test/__init__.py": "__version__ = "0.1.0"
",
  "test/__main__.py": "from .example import hello

if __name__ == "__main__":
    name = input("What is your name? ")
    print(hello(name))
",
  "test/example.py": "def hello(name: str) -> str:
    """A simple greeting.
    Args:
        name (str): Name to greet.
    Returns:
        str: greeting message
    """
    return f"Hello {name}!"
",
  "tests/__init__.py": "",
  "tests/test_example.py": "import pytest

from test.example import hello

@pytest.mark.parametrize(
    ("name", "expected"),
    [
        ("A. Musing", "Hello A. Musing!"),
        ("traveler", "Hello traveler!"),
        ("projen developer", "Hello projen developer!"),
    ],
)
def test_hello(name, expected):
    """Example test with parametrization."""
    assert hello(name) == expected
",
  "tsconfig.projen.json": {
    "compilerOptions": {},
    "exclude": [
      "node_modules",
    ],
    "include": [
      "**/*.ts",
      ".projenrc.ts",
      "projenrc/**/*.ts",
    ],
  },
}
`;
